// Jest Snapshot v1, https://goo.gl/fbAQLP

exports[`renders correctly 1`] = `
<div
  className="App"
>
  <h1>
    Yo world! I'm using native React
  </h1>
</div>
`;
